// Vitest Snapshot v1, https://vitest.dev/guide/snapshot.html

exports[`SampleUserGroup > should render 1`] = `
<InputGroup>
  <InputLabel>
    User Group
  </InputLabel>
  <ForwardRef
    onChange={[MockFunction spy]}
    value="bar"
  >
    <option
      key="none"
      value="none"
    >
      None
    </option>
    <styled.option
      key="bar_id"
      value="bar_id"
    >
      bar
    </styled.option>
  </ForwardRef>
</InputGroup>
`;
